// Jest Snapshot v1, https://goo.gl/fbAQLP

exports[`Tests in AddCategory component should show component correctly 1`] = `
<form
  onSubmit={[Function]}
>
  <p />
  <input
    onChange={[Function]}
    type="text"
    value=""
  />
</form>
`;
